--unshare-pid
--unshare-ipc
--unshare-uts
--die-with-parent
--proc
/proc
--dev
/dev
--tmpfs
/tmp
--tmpfs
/home/u
--ro-bind-try
/etc/resolv.conf
/etc/resolv.conf
--ro-bind-try
/home/u/ro
/home/u/ro
--ro-bind-try
/home/u/.vitrine/sessions/s/creds
/home/u/.vitrine/sessions/s/creds
--ro-bind-try
/usr
/usr
--bind
/home/u/.vitrine/agents/claude/home
/home/u/.vitrine/agents/claude/home
--bind
/home/u/.vitrine/sessions/s/scratch
/home/u/.vitrine/sessions/s/scratch
--bind
/home/u/repo
/home/u/repo
--ro-bind-try
/home/u/repo/.git/config
/home/u/repo/.git/config
--ro-bind-try
/home/u/repo/.git/hooks
/home/u/repo/.git/hooks
--clearenv
--setenv
HOME
/home/u/.vitrine/agents/claude/home
--setenv
PATH
/usr/bin
--setenv
TMPDIR
/home/u/.vitrine/sessions/s/scratch
--chdir
/home/u/repo
--seccomp
7
