(version 1)
(deny default)
(allow process-exec* process-fork signal sysctl-read)
(allow file-read-metadata)
(allow file-read-data (literal "/"))
(allow file-read* file-write* file-ioctl (literal "/dev/dtracehelper"))
(allow file-ioctl (literal "/dev/tty"))
(allow file-read* file-write* (subpath "/private/tmp") (subpath "/private/var/folders"))
(allow file-read* file-write* (literal "/dev/null") (literal "/dev/tty") (regex #"^/dev/ttys[0-9]+$"))
(allow ipc-posix-shm)
(allow mach-lookup
  (global-name "com.apple.system.logger")
  (global-name "com.apple.logd")
  (global-name "com.apple.system.notification_center")
  (global-name "com.apple.system.opendirectoryd.libinfo")
  (global-name "com.apple.system.opendirectoryd.membership")
  (global-name "com.apple.SecurityServer")
  (global-name "com.apple.trustd")
  (global-name "com.apple.trustd.agent")
  (global-name "com.apple.networkd")
  (global-name "com.apple.nehelper")
  (global-name "com.apple.nesessionmanager.content-filter")
  (global-name "com.apple.dnssd.service")
  (global-name "com.apple.coreservices.launchservicesd")
  (global-name "com.apple.distributed_notifications@Uv3")
  (global-name "com.apple.cfprefsd.daemon")
  (global-name "com.apple.cfprefsd.agent")
  (global-name "com.apple.FSEvents")
  (global-name "com.apple.fonts")
  (global-name "com.apple.lsd.mapdb")
  (global-name "com.apple.system.DirectoryService.libinfo_v1")
)
(allow file-read* (subpath "/System"))
(allow file-read* (subpath "/Users/u/ro"))
(allow file-read* (subpath "/Users/u/.vitrine/sessions/s/creds"))
(allow file-read* (subpath "/usr"))
(allow file-read* file-write* (subpath "/Users/u/repo"))
(allow file-read* file-write* (subpath "/private/var/lib/vitrine/agents/claude/home"))
(allow file-read* file-write* (subpath "/private/var/lib/vitrine/sessions/s/scratch"))
(deny file-write* (literal "/Users/u/repo/.git/config"))
(deny file-write* (subpath "/Users/u/repo/.git/hooks"))
(allow network*)
